01   0000                     device zxspectrum128
02   0000                     OUTPUT test.out
03   0000                     
04   0000                     org #0
05   0000 21 00 00    label0  ld hl,$
06   0003 C3 00 00            jp label0
07   0006                     
08   0006                     org #4000
09   4000 21 00 40    label1  ld hl,$
10   4003 C3 00 40            jp label1
11   4006             
12   4006                     org #8000
13   8000 21 00 80    label2  ld hl,$        
14   8003 C3 00 80            jp label2
15   8006                     
16   8006                     org #c000
17   C000 21 00 C0    label3  ld hl,$
18   C003 C3 00 C0            jp label3
19   C006             
20   C006                     org #d000,1
21   D000 21 00 D0    label4  ld hl,$
22   D003 C3 00 D0            jp label4
23   D006             
24   D006                     LABELSLIST test.lbl
25   D006             

Value    Label
------ - -----------------------------------------------------------
0x0000   label0
0x4000   label1
0x8000   label2
0xC000   label3
0xD000   label4
